// Jest Snapshot v1, https://goo.gl/fbAQLP

exports[`matches snapshot 1`] = `
<div
  className="root"
  data-testid="message"
>
  <div
    className="circle"
  />
  <div>
    <div
      className="message"
    >
      <p
        className="name"
      >
        My Name
      </p>
      <span
        className="date"
      >
        Yesterday at 2:33 PM
      </span>
    </div>
    <p
      className="text"
      data-testid="message-text"
    >
      message text
    </p>
  </div>
</div>
`;
