// Jest Snapshot v1, https://goo.gl/fbAQLP

exports[`matches snapshot 1`] = `
<div
  className="root"
  data-testid="app"
>
  <header
    className="header"
  >
    <p>
      React Firebase Chat
    </p>
    <div />
  </header>
  <main
    className="main"
  >
    <div
      className="container"
    >
      <p>
        loading...
      </p>
    </div>
  </main>
</div>
`;
